

================================================================
== Synthesis Summary Report of 'krnl_s2mm'
================================================================
+ General Information: 
    * Date:           Wed Dec  8 16:52:36 2021
    * Version:        2020.2 (Build 3064766 on Wed Nov 18 09:12:45 MST 2020)
    * Project:        reco_v2
    * Solution:       solution1 (Vivado IP Flow Target)
    * Product family: virtexuplus
    * Target device:  xcvu11p-flga2577-1-e
    

+ Performance & Resource Estimates: 
    
    PS: '+' for module; 'o' for loop; '*' for dataflow
    +-----------------------+--------+-------+---------+-----------+----------+---------+------+----------+----------+----+--------------+--------------+-----+
    |        Modules        |  Issue |       | Latency |  Latency  | Iteration|         | Trip |          |          |    |              |              |     |
    |        & Loops        |  Type  | Slack | (cycles)|    (ns)   |  Latency | Interval| Count| Pipelined|   BRAM   | DSP|      FF      |      LUT     | URAM|
    +-----------------------+--------+-------+---------+-----------+----------+---------+------+----------+----------+----+--------------+--------------+-----+
    |+ krnl_s2mm            |  Timing|   0.00|        -|          -|         -|        -|     -|        no|  30 (~0%)|   -|  637237 (24%)|  671960 (51%)|    -|
    | + grp_match_fu_247    |      II|  -0.00|      200|  2.000e+03|         -|        1|     -|       yes|         -|   -|  630707 (24%)|  656968 (50%)|    -|
    | o data_retrival       |       -|  -7.30|        -|          -|         2|        1|     -|       yes|         -|   -|             -|             -|    -|
    | o main_matching_loop  |       -|  -7.30|      241|  2.410e+03|       210|        1|    32|       yes|         -|   -|             -|             -|    -|
    +-----------------------+--------+-------+---------+-----------+----------+---------+------+----------+----------+----+--------------+--------------+-----+

